docker : time="2026-02-05T16:34:41-05:00" 
level=warning 
msg="C:\\Src\\SBTM_AntiGravity\\docker-compose.yml: 
the attribute `version` is obsolete, it will be 
ignored, please remove it to avoid potential 
confusion"
At line:1 char:1
+ docker compose build 2>&1 | Out-File -FilePath 
build_output.txt -Enco ...
+ ~~~~~~~~~~~~~~~~~~~~~~~~~
    + CategoryInfo          : NotSpecified: (time="2 
   026-02-0...tial confusion":String) [], RemoteExc  
  eption
    + FullyQualifiedErrorId : NativeCommandError
 
#1 [internal] load local bake definitions
#1 reading from stdin 2.67kB done
#1 DONE 0.0s

#2 [gps-tracking internal] load build definition from Dockerfile
#2 transferring dockerfile: 2B done
#2 DONE 0.0s

#3 [student-presence internal] load build definition from Dockerfile
#3 transferring dockerfile: 636B done
#3 DONE 0.0s

#4 [api-gateway internal] load build definition from Dockerfile
#4 transferring dockerfile: 437B done
#4 DONE 0.0s

#5 [emergency-alerts internal] load build definition from Dockerfile
#5 transferring dockerfile: 2B done
#5 DONE 0.0s

#6 [video-service internal] load build definition from Dockerfile
#6 transferring dockerfile: 885B done
#6 DONE 0.1s

#7 [api-gateway internal] load metadata for docker.io/library/node:20-alpine
#7 CANCELED
target gps-tracking: failed to solve: failed to read 
dockerfile: open Dockerfile: no such file or 
directory



View build details: docker-desktop://dashboard/build/
default/default/o9cd7ecac5aitpqjfz1fnw4dz

